<html>
<body>
<pre>
<h1>µVision Build Log</h1>
<h2>Tool Versions:</h2>
IDE-Version: µVision V5.18a
Copyright (C) 2016 ARM Ltd and ARM Germany GmbH. All rights reserved.
License Information: amit Microsoft, Microsoft, LIC=DHYFY-ICJ03-2CH1I-6Q01D-BNK06-D7AQG
 
Tool Versions:
Toolchain:       MDK-ARM Cortex-M0/M0+ 256K for ST  Version: 5.18a
Toolchain Path:  D:\Program Files\Keil trial\ARM\ARMCC\Bin
C Compiler:      Armcc.exe V5.06 update 1 (build 61)
Assembler:       Armasm.exe V5.06 update 1 (build 61)
Linker/Locator:  ArmLink.exe V5.06 update 1 (build 61)
Library Manager: ArmAr.exe V5.06 update 1 (build 61)
Hex Converter:   FromElf.exe V5.06 update 1 (build 61)
CPU DLL:         SARMCM3.DLL V5.18a
Dialog DLL:      DARMCM1.DLL V1.12.0.0
Target DLL:      STLink\ST-LINKIII-KEIL_SWO.dll V2.0.18.0
Dialog DLL:      TARMCM1.DLL V1.9.0.0
 
<h2>Project:</h2>
D:\Vayve\Amit\Backup RemoteV2\dl4 edit\REMOTE V2\MDK-ARM\REMOTE V2.uvprojx
Project File Date:  10/28/2016

<h2>Output:</h2>
*** Using Compiler 'V5.06 update 1 (build 61)', folder: 'D:\Program Files\Keil trial\ARM\ARMCC\Bin'
Build target 'REMOTE V2'
compiling tlc.c...
..\Src\tlc.c(346): warning:  #177-D: variable "id" was declared but never referenced
  { uint64_t id=0;
..\Src\tlc.c: 1 warning, 0 errors
linking...
Program Size: Code=10832 RO-data=252 RW-data=64 ZI-data=1376  
"REMOTE V2\REMOTE V2.axf" - 0 Error(s), 1 Warning(s).

<h2>Software Packages used:</h2>

Package Vendor: ARM
                http://www.keil.com/pack/ARM.CMSIS.5.0.0-Beta4.pack
                ARM::CMSIS:CORE:5.0.0
                CMSIS (Cortex Microcontroller Software Interface Standard)
   * Component: CORE Version: 5.0.0

<h2>Collection of Component include folders:</h2>
  D:\Vayve\Amit\Backup RemoteV2\dl4 edit\REMOTE V2\MDK-ARM\RTE
  D:\Program Files\Keil trial\ARM\PACK\ARM\CMSIS\5.0.0-Beta4\CMSIS\Include
  D:\Program Files\Keil trial\ARM\PACK\Keil\STM32L0xx_DFP\1.5.0\Device\Include

<h2>Collection of Component Files used:</h2>

   * Component: ARM::CMSIS:CORE:5.0.0
Build Time Elapsed:  00:00:02
</pre>
</body>
</html>
